// Jest Snapshot v1, https://goo.gl/fbAQLP

exports[`Chat renders 1`] = `
<div>
  Chat renders
</div>
`;
