// Jest Snapshot v1, https://goo.gl/fbAQLP

exports[`Upload renders 1`] = `
<div>
  Upload renders
</div>
`;
